../../TouchGFX/gui/include/gui/endscreen_screen/EndScreenPresenter.hpp:28:13:EndScreenPresenter::~EndScreenPresenter()	0	static
D:/HeNhung/FlappyBird/TouchGFX/gui/src/endscreen_screen/EndScreenPresenter.cpp:10:6:virtual void EndScreenPresenter::activate()	0	static
../../TouchGFX/gui/include/gui/endscreen_screen/EndScreenPresenter.hpp:28:13:virtual EndScreenPresenter::~EndScreenPresenter()	8	static
../../TouchGFX/gui/include/gui/endscreen_screen/EndScreenPresenter.hpp:28:13:virtual void* EndScreenPresenter::_ZThn4_N18EndScreenPresenterD1Ev()	0	static
D:/HeNhung/FlappyBird/TouchGFX/gui/src/endscreen_screen/EndScreenPresenter.cpp:4:1:EndScreenPresenter::EndScreenPresenter(EndScreenView&)	8	static
